
TIME               |OLD_HASH_VALUE|EXECUTIONS|DISK_READS|BUFFER_GETS|ROWS_PROCESSED|  CPU_TIME|ELAPSED_TIME|SQL                         |MODULE
2016/05/23 10:11:04|    3146063334|         1|         0|          9|             0|      .001|     .000193|SELECT                      |
2016/05/23 10:11:04|    3776202709|         8|         0|         50|             8|   .004999|     .006692|UPDATE                      |
2016/05/23 10:11:04|     162044583|         1|         0|          3|             7|         0|     .000102|SELECT                      |
2016/05/23 10:11:04|     113599724|         2|         0|         22|             0|   .004999|     .005598|CALL WW                     |DBMS_SCHEDULER
2016/05/23 10:11:04|    2030260024|         2|         0|         10|             3|         0|     .000143|SELECT                      |
2016/05/23 10:11:04|    1321468652|         6|         0|          6|             6|      .002|     .000551|SELECT                      |
2016/05/23 10:11:04|    2779112103|        22|         0|         54|            16|      .001|     .000603|SELECT                      |SQL*Plus
2016/05/23 10:11:04|    3337326130|         6|         0|         18|             0|      .002|     .000892|SELECT                      |
2016/05/23 10:11:04|     671130394|         3|         0|          3|             3|      .001|     .000747|SELECT                      |
2016/05/23 10:11:04|     120978412|         1|         0|          1|             0|         0|     .000096|SELECT                      |
2016/05/23 10:11:04|    2501020694|         3|         0|          9|             3|      .002|     .001278|SELECT                      |
2016/05/23 10:11:04|    4001146188|        12|         0|          0|           168|      .007|      .00615|SELECT                      |
2016/05/23 10:11:04|    4133064034|         3|         0|         21|             3|      .003|     .002436|UPDATE                      |
2016/05/23 10:11:04|     966877366|         6|         0|          6|             6|   .001999|     .000963|SELECT                      |
2016/05/23 10:11:04|     109877359|         6|         0|         18|             0|      .003|     .001718|UPDATE                      |
2016/05/23 10:11:04|    3309219733|         1|         0|          1|             0|         0|     .000081|SELECT                      |
2016/05/23 10:11:04|    1580262155|         1|         0|      92987|            35|   .157976|     .161541|WITH EV                     |SQL*Plus
2016/05/23 10:11:04|    3333831466|       102|         0|        320|           102|   .032996|     .034068|SELECT                      |
2016/05/23 10:11:04|      47479002|         6|         0|        810|             6|   .033993|      .03523|BEGIN                       |
2016/05/23 10:11:04|    4061365063|         6|         1|      11258|           161|   .381945|     .425573|INSERT                      |SQL*Plus
2016/05/23 10:11:04|     214372507|         1|         0|          3|             1|      .001|     .001061|SELECT                      |
2016/05/23 10:11:04|    1674923013|         3|         0|         12|             3|   .000999|     .000621|UPDATE                      |DBMS_SCHEDULER
2016/05/23 10:11:04|     978931177|         2|         0|          4|             2|         0|      .00247|BEGIN                       |DBMS_SCHEDULER
2016/05/23 10:11:04|     382751968|         2|         0|         10|             2|      .002|     .000865|SELECT                      |DBMS_SCHEDULER
2016/05/23 10:11:04|    3067006941|         6|         0|         18|             0|         0|     .000691|DELETE                      |
2016/05/23 10:11:04|    3526844628|         6|         0|         18|             0|   .003999|      .00277|SELECT                      |
2016/05/23 10:11:04|    1499080823|         6|         0|         18|             0|      .002|     .000586|UPDATE                      |
2016/05/23 10:11:04|    3879834072|        12|         0|          0|             0|   .010997|     .012508|SELECT                      |
2016/05/23 10:11:04|    2456046997|         0|         0|          0|             0|         0|           0|SELECT                      |DBMS_SCHEDULER
2016/05/23 10:11:04|    1864097893|        46|         0|        142|            46|      .001|     .001306|SELECT                      |SQL*Plus
2016/05/23 10:11:04|    4219927160|         0|         0|          0|             0|         0|           0|SELECT                      |DBMS_SCHEDULER
2016/05/23 10:11:04|    3415008895|         3|         0|         31|             3|         0|     .000767|UPDATE                      |DBMS_SCHEDULER
2016/05/23 10:11:04|     185026123|         6|         0|         18|             0|         0|     .000632|SELECT                      |
2016/05/23 10:11:04|    1397381452|         0|         0|          0|             0|         0|           0|SELECT                      |
2016/05/23 10:11:04|     366333347|         0|         0|          0|             0|         0|           0|BEGIN S                     |SQL*Plus
2016/05/23 10:11:04|    3109584319|         0|         0|          0|             0|         0|           0|SELECT                      |
2016/05/23 10:11:04|    1061972591|         0|         0|          0|             0|         0|           0|SELECT                      |
2016/05/23 10:11:04|    1603722453|         0|         0|          0|             0|         0|           0|SELECT                      |
2016/05/23 10:11:04|     736007244|         0|         0|          0|             0|         0|           0|SELECT                      |MMON_SLAVE
2016/05/23 10:11:04|    3207933608|         6|         0|         18|             0|      .001|     .001006|SELECT                      |
2016/05/23 10:11:04|     661298038|         0|         0|          0|             0|         0|           0|SELECT                      |MMON_SLAVE
2016/05/23 10:11:04|    3834937174|         0|         0|          0|             0|         0|           0|SELECT                      |MMON_SLAVE
2016/05/23 10:11:04|     339971949|         3|         0|         18|             0|      .001|     .001043|SELECT                      |
2016/05/23 10:11:04|    3354524165|         0|         0|          0|             0|         0|           0|SELECT                      |
2016/05/23 10:11:04|    2288475892|         0|         0|          0|             0|         0|           0|SELECT                      |DBMS_SCHEDULER
2016/05/23 10:11:04|    3315459544|         0|         0|          0|             0|         0|           0|SELECT                      |MMON_SLAVE
2016/05/23 10:11:04|     539345502|         0|         0|          0|             0|         0|           0|BEGIN                       |
2016/05/23 10:11:04|    1382506642|         6|         0|        234|             6|      .008|     .007901|SELECT                      |
2016/05/23 10:11:04|    2837047189|         6|         0|         12|             6|         0|     .000473|SELECT                      |
2016/05/23 10:11:04|    2577801695|         0|         0|          0|             0|         0|           0|INSERT                      |
2016/05/23 10:11:04|    2954231783|         0|         0|          0|             0|         0|           0|SELECT                      |
2016/05/23 10:11:04|    3882016044|         0|         0|          0|             0|         0|           0|SELECT                      |
2016/05/23 10:11:04|     866066343|         0|         0|          0|             0|         0|           0|UPDATE                      |DBMS_SCHEDULER
2016/05/23 10:11:04|     571237433|         0|         0|          0|             0|         0|           0|SELECT                      |MMON_SLAVE
2016/05/23 10:11:04|    1825174980|         6|         0|         16|             0|      .001|     .000637|DELETE                      |
2016/05/23 10:11:04|     200228473|         0|         0|          0|             0|         0|           0|                            |
2016/05/23 10:11:04|    2595170174|         0|         0|          0|             0|         0|           0|SELECT                      |
2016/05/23 10:11:04|    2197148361|         0|         0|          0|             0|         0|           0|MERGE /                     |DBMS_SCHEDULER
2016/05/23 10:11:04|    3799739821|         1|         0|         58|             1|      .002|      .00186|SELECT                      |
2016/05/23 10:11:04|       9861608|         0|         0|          0|             0|         0|           0|SELECT                      |MMON_SLAVE
2016/05/23 10:11:04|     253958755|         0|         0|          0|             0|         0|           0|DELETE                      |
2016/05/23 10:11:04|    3380979881|         0|         0|          0|             0|         0|           0|SELECT                      |
2016/05/23 10:11:04|    3192604651|         0|         0|          0|             0|         0|           0|SELECT                      |
2016/05/23 10:11:04|    2655113265|         0|         0|          0|             0|         0|           0|SELECT                      |MMON_SLAVE
2016/05/23 10:11:04|    2601358618|         1|         0|          7|             2|   .000999|     .001098|SELECT                      |
2016/05/23 10:11:04|    1017363156|         0|         0|          0|             0|         0|           0|SELECT                      |DBMS_SCHEDULER
2016/05/23 10:11:04|    3821601888|         1|         0|          2|             0|   .000999|     .000124|SELECT                      |
2016/05/23 10:11:04|    1013070799|         6|         0|        468|             6|   .035995|     .036282|BEGIN                       |
2016/05/23 10:11:04|    2364027057|         1|         0|          3|             0|         0|     .000093|SELECT                      |
2016/05/23 10:11:04|    1050012018|         1|         0|          2|             0|         0|     .000135|SELECT                      |
2016/05/23 10:11:04|    3302995849|         1|         0|          3|             0|         0|      .00007|SELECT                      |
2016/05/23 10:11:04|    1754600610|         1|         0|         31|             1|      .002|     .002659|INSERT                      |
2016/05/23 10:11:04|    2435229694|         1|        19|       6823|             1|   .551917|     .652994|BEGIN S                     |SQL*Plus
2016/05/23 10:11:04|    3509427887|         7|         0|         72|             5|   .003999|     .005737|SELECT                      |
2016/05/23 10:11:04|    1855295302|         6|         0|         42|             6|   .000999|      .00116|SELECT                      |
2016/05/23 10:11:04|    2709226841|         0|         0|          0|             0|         0|           0|SELECT                      |
2016/05/23 10:11:04|    4279027578|         0|         0|          0|             0|         0|           0|SELECT                      |DBMS_SCHEDULER
2016/05/23 10:11:04|    3993970936|        12|         0|        444|            12|   .008998|      .00983|SELECT                      |
2016/05/23 10:11:04|    2467367768|         0|         0|          0|             0|         0|           0|SELECT                      |DBMS_SCHEDULER
2016/05/23 10:11:04|    3042629495|         1|         0|          1|             1|         0|     .000119|SELECT                      |
2016/05/23 10:11:04|     947984246|         1|         0|          7|             4|         0|     .000113|SELECT                      |
2016/05/23 10:11:04|    4086095417|         0|         0|          0|             0|         0|           0|SELECT                      |DBMS_SCHEDULER
2016/05/23 10:11:04|    1414786183|         0|         0|          0|             0|         0|           0|SELECT                      |
2016/05/23 10:11:04|    2322535947|         0|         0|          0|             0|         0|           0|INSERT                      |
2016/05/23 10:11:04|    1427889648|         0|         0|          0|             0|         0|           0|SELECT                      |
2016/05/23 10:11:04|     428079081|         0|         0|          0|             0|         0|           0|DECLARE                     |
2016/05/23 10:11:04|      44998547|         0|         0|          0|             0|         0|           0|SELECT                      |DBMS_SCHEDULER
2016/05/23 10:11:04|    3298852453|         1|         0|       1430|             1|   .015998|     .018629|SELECT                      |
2016/05/23 10:11:04|    2110994981|         0|         0|          0|             0|         0|           0|INSERT                      |
2016/05/23 10:11:04|     492173694|         0|         0|          0|             0|         0|           0|DELETE                      |
2016/05/23 10:11:04|    1297986421|         0|         0|          0|             0|         0|           0|SELECT                      |DBMS_SCHEDULER
2016/05/23 10:11:04|    3916220801|         0|         0|          0|             0|         0|           0|INSERT                      |
2016/05/23 10:11:04|    4118814203|         0|         0|          0|             0|         0|           0|SELECT                      |
2016/05/23 10:11:04|    1488184497|         0|         0|          0|             0|         0|           0|SELECT                      |
2016/05/23 10:11:04|    1860418804|         0|         0|          0|             0|         0|           0|SELECT                      |
2016/05/23 10:11:04|    3434121566|         0|         0|          0|             0|         0|           0|SELECT                      |
2016/05/23 10:11:04|    1301067080|        12|         0|          0|           300|   .015998|     .014192|SELECT                      |
2016/05/23 10:11:04|    4036386883|         2|         0|          2|             2|      .001|     .000331|SELECT                      |
2016/05/23 10:11:04|    3493180880|         0|         0|          0|             0|         0|           0|SELECT                      |
2016/05/23 10:11:04|    2627059792|         0|         0|          0|             0|         0|           0|SELECT                      |
2016/05/23 10:11:04|    3056311974|         0|         0|          0|             0|         0|           0|DELETE                      |
2016/05/23 10:11:04|    2601862895|         0|         0|          0|             0|         0|           0|INSERT                      |DBMS_SCHEDULER
2016/05/23 10:11:04|    2598188551|         2|         0|         16|             2|         0|     .000299|SELECT                      |SQL*Plus
2016/05/23 10:11:04|     303149640|        12|         0|          0|           120|      .002|     .003161|SELECT                      |
2016/05/23 10:11:04|    1198893840|         0|         0|          0|             0|         0|           0|SELECT                      |
2016/05/23 10:11:04|    4142779869|         0|         0|          0|             0|         0|           0|SELECT                      |DBMS_SCHEDULER
2016/05/23 10:11:04|    1307714173|       129|         0|          3|           129|   .006998|     .017803|BEGIN D                     |SQL*Plus
2016/05/23 10:11:04|    2604658692|         0|         0|          0|             0|         0|           0|SELECT                      |DBMS_SCHEDULER
2016/05/23 10:11:04|    2211398013|         0|         0|          0|             0|         0|           0|SELECT                      |
2016/05/23 10:11:04|    2926525797|         1|         0|          3|             1|         0|     .000343|SELECT                      |
2016/05/23 10:11:04|     146016073|         2|         0|         10|             2|         0|     .000588|UPDATE                      |DBMS_SCHEDULER
2016/05/23 10:11:04|    3851509341|         0|         0|          0|             0|         0|           0|INSERT                      |
2016/05/23 10:11:04|    3586867299|         0|         0|          0|             0|         0|           0|SELECT                      |
2016/05/23 10:11:04|    2779653293|         0|         0|          0|             0|         0|           0|SELECT                      |DBMS_SCHEDULER
2016/05/23 10:11:04|    2344350083|         0|         0|          0|             0|         0|           0|SELECT                      |
2016/05/23 10:11:04|    1560281894|         0|         0|          0|             0|         0|           0|SELECT                      |DBMS_SCHEDULER
2016/05/23 10:11:04|    1522109163|         0|         0|          0|             0|         0|           0|SELECT                      |MMON_SLAVE
2016/05/23 10:11:04|    3468666020|         0|         0|          0|             0|         0|           0|SELECT                      |
2016/05/23 10:11:04|     145606805|         1|         0|          4|             7|      .001|     .000601|SELECT                      |
2016/05/23 10:11:04|    2283271792|         2|         0|         12|             2|   .001999|     .000619|INSERT                      |DBMS_SCHEDULER
2016/05/23 10:11:04|    3865717366|         0|         0|          0|             0|         0|           0|SELECT                      |DBMS_SCHEDULER
2016/05/23 10:11:04|     507212583|         0|         0|          0|             0|         0|           0|SELECT                      |
2016/05/23 10:11:04|     533171205|         0|         0|          0|             0|         0|           0|SELECT                      |
2016/05/23 10:11:04|    1561522060|         0|         0|          0|             0|         0|           0|UPDATE                      |DBMS_SCHEDULER
2016/05/23 10:11:04|    4253835413|         0|         0|          0|             0|         0|           0|SELECT                      |DBMS_SCHEDULER
2016/05/23 10:11:04|    1566118407|         0|         0|          0|             0|         0|           0|DECLARE                     |
2016/05/23 10:11:04|    1125707979|         0|         0|          0|             0|         0|           0|SELECT                      |
2016/05/23 10:11:04|    1178168971|        12|         0|         24|             0|      .002|     .002716|SELECT                      |
2016/05/23 10:11:04|    1281387645|         6|         0|         18|             0|   .002999|     .002173|SELECT                      |
2016/05/23 10:11:04|    1520971034|         1|         0|          3|             0|         0|     .000083|SELECT                      |
2016/05/23 10:11:04|    3346485941|         6|         0|        348|             0|   .013997|     .015064|SELECT                      |
2016/05/23 10:11:04|     132475916|         3|         0|          0|             3|      .001|      .00095|BEGIN D                     |DBMS_SCHEDULER
2016/05/23 10:11:04|    1254950678|         1|         0|          3|             1|         0|     .000184|SELECT                      |
2016/05/23 10:11:04|     388788700|         1|         0|          2|             0|         0|     .000107|SELECT                      |
2016/05/23 10:11:04|    4259444789|         6|         0|          6|             0|         0|      .00064|SELECT                      |
2016/05/23 10:11:04|    3715989406|        26|         0|         97|            26|      .001|     .001297|SELECT                      |SQL*Plus
2016/05/23 10:11:04|    2042051015|         2|         0|         14|             2|         0|     .000934|INSERT                      |DBMS_SCHEDULER
2016/05/23 10:11:04|     656850954|         1|         0|          4|             1|      .001|     .000671|SELECT                      |
2016/05/23 10:11:04|    1232162599|         1|         0|          3|             1|   .000999|     .000108|SELECT                      |
2016/05/23 10:11:04|    2232614812|         7|         0|         14|             7|         0|      .00117|SELECT                      |
2016/05/23 10:11:04|    2783330933|         1|         0|        445|             8|      .004|     .003813|INSERT                      |SQL*Plus
2016/05/23 10:11:04|    3627662279|         6|         0|         54|             0|   .008998|     .008798|SELECT                      |
2016/05/23 10:11:04|    2482976222|         4|         0|         20|             6|         0|     .000194|SELECT                      |
2016/05/23 10:11:04|    4220435788|         3|         0|          9|             3|         0|     .000789|SELECT                      |
2016/05/23 10:11:04|      87488304|        12|         0|          0|           240|   .042991|     .042098|SELECT                      |
2016/05/23 10:11:04|    1032032951|         6|         0|          0|             0|   .010998|     .012745|SELECT                      |MMON_SLAVE
2016/05/23 10:11:04|    4127430198|         1|         0|          2|             0|         0|     .000094|SELECT                      |
2016/05/23 10:11:04|     880949626|         7|         1|      10384|             7|   .168976|     .182276|BEGIN                       |SQL*Plus
2016/05/23 10:11:04|    3684913675|         1|         0|          3|             1|         0|     .000339|SELECT                      |
