
TIME               |OWNER                                                                                                                           |OBJECT_NAME                                                                                                                                                                                                                                                       |OBJECT_TYPE       |BUFFER_|SUM(X.BYTES)|SUM(R.LOGICAL_READS)|SUM(R.PHYSICAL_READS)
2016/05/23 10:11:04|SYS                                                                                                                             |I_OBJ5                                                                                                                                                                                                                                                            |INDEX             |DEFAULT|     8388608|                 576|                    0
2016/05/23 10:11:04|SYS                                                                                                                             |OBJ$                                                                                                                                                                                                                                                              |TABLE             |DEFAULT|    12582912|                2832|                    0
2016/05/23 10:11:04|SYS                                                                                                                             |WRM$_WR_CONTROL                                                                                                                                                                                                                                                   |TABLE             |DEFAULT|       65536|                  32|                    0
2016/05/23 10:11:04|PERFSTAT                                                                                                                        |STATS$SYSTEM_EVENT                                                                                                                                                                                                                                                |TABLE             |DEFAULT|     1048576|               83504|                    0
2016/05/23 10:11:04|PERFSTAT                                                                                                                        |STATS$SYSTEM_EVENT_PK                                                                                                                                                                                                                                             |INDEX             |DEFAULT|     1048576|                1376|                    0
2016/05/23 10:11:04|PERFSTAT                                                                                                                        |STATS$SQLTEXT_PK                                                                                                                                                                                                                                                  |INDEX             |DEFAULT|     1048576|                 432|                    0
2016/05/23 10:11:04|SYS                                                                                                                             |WRH$_SYSSTAT_PK(WRH$_SYSSTA_1440056671_77)                                                                                                                                                                                                                        |INDEX PARTITION   |DEFAULT|      917504|                  16|                    0
2016/05/23 10:11:04|SYS                                                                                                                             |I_OBJ1                                                                                                                                                                                                                                                            |INDEX             |DEFAULT|     3145728|                 192|                    0
2016/05/23 10:11:04|SYS                                                                                                                             |I_ACCESS1                                                                                                                                                                                                                                                         |INDEX             |DEFAULT|     4194304|                  32|                    0
2016/05/23 10:11:04|SYS                                                                                                                             |I_SCHEDULER_JOB1                                                                                                                                                                                                                                                  |INDEX             |DEFAULT|       65536|                  16|                    0
2016/05/23 10:11:04|SYS                                                                                                                             |I_FILE#_BLOCK#                                                                                                                                                                                                                                                    |INDEX             |DEFAULT|      327680|                  32|                    0
2016/05/23 10:11:04|SYS                                                                                                                             |I_USER1                                                                                                                                                                                                                                                           |INDEX             |DEFAULT|       65536|                  16|                    0
2016/05/23 10:11:04|SYS                                                                                                                             |I_JOB_NEXT                                                                                                                                                                                                                                                        |INDEX             |DEFAULT|       65536|                  48|                    0
2016/05/23 10:11:04|SYS                                                                                                                             |SCHEDULER$_WINDOW_GROUP                                                                                                                                                                                                                                           |TABLE             |DEFAULT|       65536|                  96|                    0
2016/05/23 10:11:04|SYS                                                                                                                             |I_PARTOBJ$                                                                                                                                                                                                                                                        |INDEX             |DEFAULT|       65536|                  16|                    0
2016/05/23 10:11:04|SYS                                                                                                                             |AUD_OBJECT_OPT$                                                                                                                                                                                                                                                   |TABLE             |DEFAULT|       65536|                  16|                    0
2016/05/23 10:11:04|SYS                                                                                                                             |I_SCHEDULER_JOB4                                                                                                                                                                                                                                                  |INDEX             |DEFAULT|       65536|                  16|                    0
2016/05/23 10:11:04|SYS                                                                                                                             |SCHEDULER$_WINGRP_MEMBER_UQ                                                                                                                                                                                                                                       |INDEX             |DEFAULT|       65536|                  96|                    0
2016/05/23 10:11:04|PERFSTAT                                                                                                                        |STATS$LATCH                                                                                                                                                                                                                                                       |TABLE             |DEFAULT|     1048576|                2512|                    0
2016/05/23 10:11:04|SYS                                                                                                                             |I_IND1                                                                                                                                                                                                                                                            |INDEX             |DEFAULT|      131072|                  96|                    0
2016/05/23 10:11:04|SYS                                                                                                                             |I_ICOL1                                                                                                                                                                                                                                                           |INDEX             |DEFAULT|      131072|                  16|                    0
2016/05/23 10:11:04|SYS                                                                                                                             |KOTTB$                                                                                                                                                                                                                                                            |TABLE             |DEFAULT|     2097152|                  96|                    0
2016/05/23 10:11:04|SYS                                                                                                                             |SYS_C00830                                                                                                                                                                                                                                                        |INDEX             |DEFAULT|     1048576|                 192|                    0
2016/05/23 10:11:04|SYS                                                                                                                             |SCHEDULER$_JOB                                                                                                                                                                                                                                                    |TABLE             |DEFAULT|       65536|                 112|                    0
2016/05/23 10:11:04|PERFSTAT                                                                                                                        |STATS$SQL_SUMMARY_PK                                                                                                                                                                                                                                              |INDEX             |DEFAULT|     1048576|                 288|                    2
2016/05/23 10:11:04|SYS                                                                                                                             |I_CCOL1                                                                                                                                                                                                                                                           |INDEX             |DEFAULT|      262144|                  16|                    0
2016/05/23 10:11:04|SYS                                                                                                                             |I_USER#                                                                                                                                                                                                                                                           |INDEX             |DEFAULT|       65536|                  80|                    0
2016/05/23 10:11:04|SYS                                                                                                                             |ILM_CONCURRENCY$                                                                                                                                                                                                                                                  |TABLE             |DEFAULT|       65536|                  96|                    0
2016/05/23 10:11:04|SYS                                                                                                                             |SCHEDULER$_JOB_PK                                                                                                                                                                                                                                                 |INDEX             |DEFAULT|       65536|                  16|                    0
2016/05/23 10:11:04|SYS                                                                                                                             |SCHEDULER$_WINDOW_GROUP_PK                                                                                                                                                                                                                                        |INDEX             |DEFAULT|       65536|                  96|                    0
2016/05/23 10:11:04|PERFSTAT                                                                                                                        |STATS$SQL_SUMMARY                                                                                                                                                                                                                                                 |TABLE             |DEFAULT|     1048576|                2304|                    0
2016/05/23 10:11:04|PERFSTAT                                                                                                                        |STATS$EVENT_HISTOGRAM                                                                                                                                                                                                                                             |TABLE             |DEFAULT|     1048576|                8096|                    4
2016/05/23 10:11:04|SYS                                                                                                                             |PARTOBJ$                                                                                                                                                                                                                                                          |TABLE             |DEFAULT|       65536|                  16|                    0
2016/05/23 10:11:04|SYS                                                                                                                             |I_DEPENDENCY1                                                                                                                                                                                                                                                     |INDEX             |DEFAULT|     6291456|                  48|                    0
2016/05/23 10:11:04|SYS                                                                                                                             |SYSAUTH$                                                                                                                                                                                                                                                          |TABLE             |DEFAULT|       65536|                 192|                    0
2016/05/23 10:11:04|SYS                                                                                                                             |I_ATTRCOL1                                                                                                                                                                                                                                                        |INDEX             |DEFAULT|       65536|                  16|                    0
2016/05/23 10:11:04|SYS                                                                                                                             |ILM_DEPENDANT_OBJ$                                                                                                                                                                                                                                                |TABLE             |DEFAULT|       65536|                  96|                    0
2016/05/23 10:11:04|SYS                                                                                                                             |I_OBJ#                                                                                                                                                                                                                                                            |INDEX             |DEFAULT|      262144|                  16|                    0
2016/05/23 10:11:04|SYS                                                                                                                             |I_OBJ2                                                                                                                                                                                                                                                            |INDEX             |DEFAULT|     8388608|                  16|                    0
2016/05/23 10:11:04|SYS                                                                                                                             |SYS_C00828                                                                                                                                                                                                                                                        |INDEX             |DEFAULT|      196608|                  16|                    0
2016/05/23 10:11:04|PERFSTAT                                                                                                                        |STATS$SQLTEXT                                                                                                                                                                                                                                                     |TABLE             |DEFAULT|     5242880|                 240|                    0
